// Vitest Snapshot v1, https://vitest.dev/guide/snapshot.html

exports[`ModalWindow.vue > renders correctly 1`] = `
<div
  class="modal"
>
  <div
    class="modal__container"
  >
    <div
      class="modal__header"
    >
      
      
      <span
        class="btn btn-close"
      >
        Ã—
      </span>
    </div>
    <div
      class="modal__body"
    >
      
      
    </div>
    <div
      class="modal__footer"
    >
      
      
    </div>
  </div>
</div>
`;
